// Jest Snapshot v1, https://goo.gl/fbAQLP

exports[`PlaceCardWithoutLeg matches snapshot 1`] = `ShallowWrapper {}`;
