// Jest Snapshot v1, https://goo.gl/fbAQLP

exports[`PlaceCard matches snapshot 1`] = `ShallowWrapper {}`;
