// Jest Snapshot v1, https://goo.gl/fbAQLP

exports[`Place matches snapshot 1`] = `ShallowWrapper {}`;
